{
    "Should run without failures": {
        "content": [
            {
                "0": [
                    [
                        "chunk_aa:md5,d1a7fb5eab1c16cb4f7cf341cf188c3d",
                        "chunk_ab:md5,08cf82251c975a5e9734699fadf5e9c0"
                    ]
                ]
            }
        ],
        "timestamp": "2023-09-15T13:27:10+0000"
    }
}